// Jest Snapshot v1, https://goo.gl/fbAQLP

exports[`<TableBody /> renders the correct table row(s) 1`] = `
Array [
  <tr
    className=""
  >
    <TableCell
      as="td"
      className="items_table_item"
      data-header="PROJECT TITLE"
      key="z132_projectTitle"
    >
      <td
        className="items_table_item"
        data-header="PROJECT TITLE"
      >
        <div
          className="primary_col"
        >
          <video-details-popup
            d={Object {}}
            header={
              Object {
                "label": "PROJECT TITLE",
                "name": "projectTitle",
              }
            }
            selectedItems={Array []}
            team={
              Object {
                "contentTypes": Array [
                  "VIDEO",
                ],
              }
            }
            toggleItemSelection={[MockFunction]}
          />
        </div>
        <TableMobileDataToggleIcon
          isOpen={false}
          toggleDisplay={[Function]}
        >
          <Icon
            as="i"
            className="items_table_mobileDataToggleIcon"
            name="chevron down"
            onClick={[Function]}
          >
            <i
              aria-hidden="true"
              className="chevron down icon items_table_mobileDataToggleIcon"
              onClick={[Function]}
            />
          </Icon>
        </TableMobileDataToggleIcon>
      </td>
    </TableCell>
    <TableCell
      as="td"
      className="items_table_item"
      data-header="VISIBILITY"
      key="z132_visibility"
    >
      <td
        className="items_table_item"
        data-header="VISIBILITY"
      >
        <span>
          <div
            className="items_table_mobileHeader"
          >
            VISIBILITY
          </div>
          INTERNAL
        </span>
        <br />
      </td>
    </TableCell>
    <TableCell
      as="td"
      className="items_table_item"
      data-header="MODIFIED"
      key="z132_updatedAt"
    >
      <td
        className="items_table_item"
        data-header="MODIFIED"
      >
        <span>
          <div
            className="items_table_mobileHeader"
          >
            MODIFIED
          </div>
          May 12, 2019
        </span>
        <br />
      </td>
    </TableCell>
    <TableCell
      as="td"
      className="items_table_item"
      data-header="TEAM"
      key="z132_team"
    >
      <td
        className="items_table_item"
        data-header="TEAM"
      >
        <span>
          <div
            className="items_table_mobileHeader"
          >
            TEAM
          </div>
          IIP Video Production
        </span>
        <br />
      </td>
    </TableCell>
  </tr>,
  <tr
    className=""
  >
    <TableCell
      as="td"
      className="items_table_item"
      data-header="PROJECT TITLE"
      key="d137_projectTitle"
    >
      <td
        className="items_table_item"
        data-header="PROJECT TITLE"
      >
        <div
          className="primary_col"
        >
          <video-details-popup
            d={Object {}}
            header={
              Object {
                "label": "PROJECT TITLE",
                "name": "projectTitle",
              }
            }
            selectedItems={Array []}
            team={
              Object {
                "contentTypes": Array [
                  "VIDEO",
                ],
              }
            }
            toggleItemSelection={[MockFunction]}
          />
        </div>
        <TableMobileDataToggleIcon
          isOpen={false}
          toggleDisplay={[Function]}
        >
          <Icon
            as="i"
            className="items_table_mobileDataToggleIcon"
            name="chevron down"
            onClick={[Function]}
          >
            <i
              aria-hidden="true"
              className="chevron down icon items_table_mobileDataToggleIcon"
              onClick={[Function]}
            />
          </Icon>
        </TableMobileDataToggleIcon>
      </td>
    </TableCell>
    <TableCell
      as="td"
      className="items_table_item"
      data-header="VISIBILITY"
      key="d137_visibility"
    >
      <td
        className="items_table_item"
        data-header="VISIBILITY"
      >
        <span>
          <div
            className="items_table_mobileHeader"
          >
            VISIBILITY
          </div>
          INTERNAL
        </span>
        <br />
      </td>
    </TableCell>
    <TableCell
      as="td"
      className="items_table_item"
      data-header="MODIFIED"
      key="d137_updatedAt"
    >
      <td
        className="items_table_item"
        data-header="MODIFIED"
      >
        <span>
          <div
            className="items_table_mobileHeader"
          >
            MODIFIED
          </div>
          May 9, 2019
        </span>
        <br />
      </td>
    </TableCell>
    <TableCell
      as="td"
      className="items_table_item"
      data-header="TEAM"
      key="d137_team"
    >
      <td
        className="items_table_item"
        data-header="TEAM"
      >
        <span>
          <div
            className="items_table_mobileHeader"
          >
            TEAM
          </div>
          IIP Video Production
        </span>
        <br />
      </td>
    </TableCell>
  </tr>,
]
`;
