// Jest Snapshot v1, https://goo.gl/fbAQLP

exports[`<SupportFileTypeList /> renders \`SupportItem\` components if \`hasSubmittedData\` 1`] = `
<Fragment>
  <h4>
    SRT Files 
    <IconPopup
      iconSize="small"
      iconType="info circle"
      message="Some info about what SRT files are."
      popupSize="mini"
    />
  </h4>
  <ul>
    <Apollo(SupportItem)
      fileType="srt"
      itemId="qwqw"
      key="srt-qwqw"
      projectId="123"
    />
    <Apollo(SupportItem)
      fileType="srt"
      itemId="erer"
      key="srt-erer"
      projectId="123"
    />
    <Apollo(SupportItem)
      fileType="srt"
      itemId="asas"
      key="srt-asas"
      projectId="123"
    />
    <Apollo(SupportItem)
      fileType="srt"
      itemId="dfdf"
      key="srt-dfdf"
      projectId="123"
    />
  </ul>
</Fragment>
`;

exports[`<SupportFileTypeList /> renders initially \`Placeholder\` components 1`] = `
<Fragment>
  <h4>
    SRT File 
  </h4>
  <ul>
    <Placeholder
      childEl="span"
      childStyles={
        Object {
          "fileName": Object {
            "width": "75%",
          },
          "language": Object {
            "backgroundColor": "#5b616b",
            "marginRight": "0",
            "width": "20%",
          },
        }
      }
      key="srt-qwqw"
      parentEl="li"
      parentStyles={
        Object {
          "display": "flex",
          "justifyContent": "space-between",
        }
      }
    />
    <Placeholder
      childEl="span"
      childStyles={
        Object {
          "fileName": Object {
            "width": "75%",
          },
          "language": Object {
            "backgroundColor": "#5b616b",
            "marginRight": "0",
            "width": "20%",
          },
        }
      }
      key="srt-erer"
      parentEl="li"
      parentStyles={
        Object {
          "display": "flex",
          "justifyContent": "space-between",
        }
      }
    />
    <Placeholder
      childEl="span"
      childStyles={
        Object {
          "fileName": Object {
            "width": "75%",
          },
          "language": Object {
            "backgroundColor": "#5b616b",
            "marginRight": "0",
            "width": "20%",
          },
        }
      }
      key="srt-asas"
      parentEl="li"
      parentStyles={
        Object {
          "display": "flex",
          "justifyContent": "space-between",
        }
      }
    />
    <Placeholder
      childEl="span"
      childStyles={
        Object {
          "fileName": Object {
            "width": "75%",
          },
          "language": Object {
            "backgroundColor": "#5b616b",
            "marginRight": "0",
            "width": "20%",
          },
        }
      }
      key="srt-dfdf"
      parentEl="li"
      parentStyles={
        Object {
          "display": "flex",
          "justifyContent": "space-between",
        }
      }
    />
  </ul>
</Fragment>
`;
