// Jest Snapshot v1, https://goo.gl/fbAQLP

exports[`<ProjectItemsList /> renders initial loading state without crashing 1`] = `
<ProjectItemsList
  data={
    Object {
      "error": undefined,
      "fetchMore": [Function],
      "loading": true,
      "networkStatus": 1,
      "refetch": [Function],
      "startPolling": [Function],
      "stopPolling": [Function],
      "subscribeToMore": [Function],
      "updateQuery": [Function],
      "variables": Object {
        "id": "123",
      },
    }
  }
  displayItemInModal={true}
  hasSubmittedData={true}
  headline="Videos in Project"
  listEl="ul"
  modalContent={[Function]}
  modalTrigger={[Function]}
  projectId="123"
  projectType="video"
>
  <div
    style={
      Object {
        "alignItems": "center",
        "display": "flex",
        "flexDirection": "column",
        "justifyContent": "center",
        "minHeight": "200px",
      }
    }
  >
    <Loader
      active={true}
      content="Loading the project items..."
      inline="centered"
      style={
        Object {
          "marginBottom": "1em",
        }
      }
    >
      <div
        className="ui active text centered inline loader"
        style={
          Object {
            "marginBottom": "1em",
          }
        }
      >
        Loading the project items...
      </div>
    </Loader>
  </div>
</ProjectItemsList>
`;
