// Jest Snapshot v1, https://goo.gl/fbAQLP

exports[`<MyProjectPrimaryCol /> renders a Popup with a truncated project title if it is over 35 characters 1`] = `
<Popup
  content="Test Project Test Project Test Project Test Project"
  hideOnScroll={true}
  inverted={true}
  keepInViewPort={true}
  on={
    Array [
      "hover",
      "focus",
    ]
  }
  position="top left"
  size="mini"
  trigger={
    <a
      className="projects_data_title"
      href="/admin/project/video/111/edit"
    >
      <span
        aria-hidden={true}
      >
        Test Project Test Project Test P...
      </span>
      <VisuallyHidden
        el="span"
      >
        Test Project Test Project Test Project Test Project
      </VisuallyHidden>
    </a>
  }
/>
`;

exports[`<MyProjectPrimaryCol /> renders without crashing 1`] = `
<Fragment>
  <div
    className="projects_actions"
  >
    <Checkbox
      checked={false}
      data-label="111"
      disabled={false}
      onChange={[MockFunction]}
      type="checkbox"
    />
  </div>
  <div
    className="projects_thumbnail"
  >
    <div
      className="wrapper"
    >
      <img
        alt="the alt text"
        className={null}
        src="https://website.com"
      />
    </div>
  </div>
  <div
    className="projects_data"
  >
    <Link
      as="/admin/project/video/111/edit"
      href="/admin/project?content=video&id=111&action=edit"
    >
      <a
        className="projects_data_title"
      >
        Test Project
      </a>
    </Link>
    <div
      className="projects_data_actions"
    >
      <div
        className="projects_data_actions_wrapper"
      >
        <Link
          as="/admin/project/video/111/edit"
          href="/admin/project?content=video&id=111&action=edit"
        >
          <a
            className="linkStyle projects_data_actions_action"
          >
            Edit
          </a>
        </Link>
        <span
          className="separator"
        >
          |
        </span>
        <Modal
          centered={true}
          closeIcon={true}
          closeOnDimmerClick={true}
          closeOnDocumentClick={false}
          dimmer={true}
          eventPool="Modal"
          trigger={
            <button
              className="linkStyle projects_data_actions_action"
              type="button"
            >
              Preview
            </button>
          }
        >
          <ModalContent>
            <Apollo(ProjectPreviewContent)
              id="111"
            />
          </ModalContent>
        </Modal>
        <span
          className="separator"
        >
          |
        </span>
        <DetailsPopup
          id="111"
        />
      </div>
      <button
        className="linkStyle projects_data_actions_mobileToggle"
        onClick={[Function]}
        type="button"
      >
        <Icon
          as="i"
          name="ellipsis vertical"
        />
      </button>
    </div>
  </div>
</Fragment>
`;
