// Jest Snapshot v1, https://goo.gl/fbAQLP

exports[`<EditSupportFiles /> renders without crashing 1`] = `
<Modal
  centered={true}
  className="edit-support-files"
  closeOnDimmerClick={true}
  closeOnDocumentClick={false}
  dimmer={true}
  eventPool="Modal"
  onClose={[Function]}
  open={false}
  size="small"
  trigger={
    <Button
      as="button"
      basic={true}
      className="btn--edit"
      onClick={[Function]}
      size="small"
    >
      Edit
    </Button>
  }
>
  <Header
    content="Edit thumbnail files in this project"
  />
  <DimmerDimmable
    dimmed={false}
  >
    <Dimmer
      inverted={true}
      simple={true}
    />
    <ModalContent>
      <Form
        as="form"
      >
        <Grid>
          <GridRow>
            <GridColumn
              width={8}
            >
              Files Selected
            </GridColumn>
            <GridColumn
              width={6}
            >
              Language
              <span
                className="required"
              >
                 *
              </span>
            </GridColumn>
            <GridColumn
              width={2}
            />
          </GridRow>
        </Grid>
      </Form>
    </ModalContent>
    <ModalActions>
      <Button
        as="button"
        className="secondary alternative"
        content="Cancel"
        onClick={[Function]}
      />
      <ButtonAddFiles
        accept=".srt"
        className="secondary"
        disabled={false}
        multiple={true}
        onChange={[Function]}
      >
        Add Files
      </ButtonAddFiles>
      <Button
        as="button"
        className="primary"
        content="Save"
        disabled={true}
        onClick={[Function]}
        type="button"
      />
    </ModalActions>
  </DimmerDimmable>
  <DynamicConfirm
    cancelButton="Cancel"
    confirmButton="OK"
    content=""
    headline=""
    open={false}
  />
</Modal>
`;
