// Jest Snapshot v1, https://goo.gl/fbAQLP

exports[`<ClipboardCopy /> renders without crashing 1`] = `
<ClipboardCopy
  copyItem="the item to be copied"
  isPreview={false}
  label="Direct Link"
>
  <div
    className="clipboardcopy_wrapper"
  >
    <div
      className="clipboardcopy"
    >
      <div
        className="clipboardcopy_label_wrapper"
      >
        <label
          className="clipboardcopy_label"
          htmlFor="clipboardcopy_item_text"
        >
          Direct Link
          <VisuallyHidden
            el="div"
          >
            <div
              className="hide-visually"
            >
               for this item
            </div>
          </VisuallyHidden>
        </label>
      </div>
      <div
        className="clipboardcopy_item"
      >
        <input
          className="clipboardcopy_item_text"
          defaultValue="the item to be copied"
          disabled={false}
          id="clipboardcopy_item_text"
          onFocus={[Function]}
          readOnly={true}
          tabIndex="-1"
          type="text"
        />
        <Button
          as="button"
          className=""
          disabled={false}
          onClick={[Function]}
          primary={true}
        >
          <Ref
            innerRef={
              Object {
                "current": <button
                  class="ui primary button"
                >
                  Copy
                </button>,
              }
            }
          >
            <RefFindNode
              innerRef={
                Object {
                  "current": <button
                    class="ui primary button"
                  >
                    Copy
                  </button>,
                }
              }
            >
              <button
                className="ui primary button"
                onClick={[Function]}
              >
                Copy
              </button>
            </RefFindNode>
          </Ref>
        </Button>
      </div>
    </div>
  </div>
</ClipboardCopy>
`;
