// Jest Snapshot v1, https://goo.gl/fbAQLP

exports[`<EditSupportFilesContent /> renders without crashing 1`] = `
<ModalItem
  className="edit-support-files other"
  headline="Edit Other files in this project"
  textDirection="ltr"
>
  <Form
    as="form"
  >
    <Table
      as="table"
      basic="very"
    >
      <TableHeader
        as="thead"
      >
        <TableRow
          as="tr"
          cellAs="td"
        >
          <TableHeaderCell
            as="th"
            width={9}
          >
            Other Files Selected
          </TableHeaderCell>
          <TableHeaderCell
            as="th"
            width={4}
          >
            Language
            <small
              className="msg--required"
            >
               *
            </small>
          </TableHeaderCell>
          <TableHeaderCell
            as="th"
          />
        </TableRow>
      </TableHeader>
      <TableBody
        as="tbody"
      >
        <EditSupportFileRow
          file={
            Object {
              "file": "madeinamerica_arabic.jpg",
              "id": "5682",
              "lang": "Arabic",
              "size": Object {
                "filesize": 58368,
              },
              "uploadStatus": Object {
                "error": false,
                "success": false,
              },
            }
          }
          fileExtensions={
            Array [
              ".jpg",
              ".mp3",
            ]
          }
          handleChange={[Function]}
          key="5682"
        />
        <EditSupportFileRow
          file={
            Object {
              "file": "madeinamerica_chinese.jpg",
              "id": "5683",
              "lang": "Chinese (Simplified)",
              "size": Object {
                "filesize": 58368,
              },
              "uploadStatus": Object {
                "error": false,
                "success": false,
              },
            }
          }
          fileExtensions={
            Array [
              ".jpg",
              ".mp3",
            ]
          }
          handleChange={[Function]}
          key="5683"
        />
        <EditSupportFileRow
          file={
            Object {
              "file": "madeinamerica_english.jpg",
              "id": "5684",
              "lang": "English",
              "size": Object {
                "filesize": 58368,
              },
              "uploadStatus": Object {
                "error": false,
                "success": false,
              },
            }
          }
          fileExtensions={
            Array [
              ".jpg",
              ".mp3",
            ]
          }
          handleChange={[Function]}
          key="5684"
        />
        <EditSupportFileRow
          file={
            Object {
              "file": "madeinamerica_french.jpg",
              "id": "5685",
              "lang": "French",
              "size": Object {
                "filesize": 58368,
              },
              "uploadStatus": Object {
                "error": false,
                "success": false,
              },
            }
          }
          fileExtensions={
            Array [
              ".jpg",
              ".mp3",
            ]
          }
          handleChange={[Function]}
          key="5685"
        />
        <EditSupportFileRow
          file={
            Object {
              "file": "madeinamerica_english.mp3",
              "id": "5686",
              "lang": "English",
              "size": Object {
                "filesize": 5242880,
              },
              "uploadStatus": Object {
                "error": false,
                "success": false,
              },
            }
          }
          fileExtensions={
            Array [
              ".jpg",
              ".mp3",
            ]
          }
          handleChange={[Function]}
          key="5686"
        />
      </TableBody>
    </Table>
    <div
      className="btn-group"
    >
      <Button
        as="button"
        basic={true}
        className="cancel-close"
        content="Cancel"
        onClick={[Function]}
        size="tiny"
        type="button"
      />
      <Button
        as="button"
        basic={true}
        className="add-files"
        color="blue"
        content="Add Files"
        onClick={[Function]}
        size="tiny"
        type="button"
      />
      <VisuallyHidden>
        <label
          htmlFor="upload-file--multiple"
        >
          upload files
        </label>
        <input
          id="upload-file--multiple"
          multiple={true}
          tabIndex={-1}
          type="file"
        />
      </VisuallyHidden>
      <Button
        as="button"
        className="save"
        color="blue"
        content="Save"
        disabled={true}
        onClick={[Function]}
        size="tiny"
        type="submit"
      />
    </div>
  </Form>
</ModalItem>
`;
