// Jest Snapshot v1, https://goo.gl/fbAQLP

exports[`<EditSupportFilesContent /> renders initial loading state without crashing 1`] = `
<EditSupportFilesContent
  closeEditModal={[MockFunction]}
  data={
    Object {
      "error": undefined,
      "fetchMore": [Function],
      "loading": true,
      "networkStatus": 1,
      "refetch": [Function],
      "startPolling": [Function],
      "stopPolling": [Function],
      "subscribeToMore": [Function],
      "updateQuery": [Function],
      "variables": Object {
        "fileType": "srt",
        "id": "123",
        "orderBy": "filename_ASC",
      },
    }
  }
  fileType="other"
  orderByField="filetype_not"
  projectId="123"
>
  <div
    className="edit-support-files-loader"
    style={
      Object {
        "alignItems": "center",
        "display": "flex",
        "flexDirection": "column",
        "justifyContent": "center",
        "minHeight": "200px",
      }
    }
  >
    <Loader
      active={true}
      inline="centered"
      style={
        Object {
          "marginBottom": "1em",
        }
      }
    >
      <div
        className="ui active centered inline loader"
        style={
          Object {
            "marginBottom": "1em",
          }
        }
      />
    </Loader>
    <p>
      Loading support file(s)...
    </p>
  </div>
</EditSupportFilesContent>
`;
