// Jest Snapshot v1, https://goo.gl/fbAQLP

exports[`<VideoDetailsPopup /> renders the final state 1`] = `
<VideoDetailsPopup
  id="123"
>
  <div
    className="details-files"
  >
    <ul>
      <li
        key="f281"
      >
        Full Video
         | 
        BROADCAST
         | 
        English
         
        (
        6.13  MB
        )
      </li>
      <li
        key="f294"
      >
        Full Video
         | 
        BROADCAST
         | 
        French
         
        (
        6.13  MB
        )
      </li>
      <li
        key="v832"
      >
        SRT | 
        English
         | 
        6.27  KB
      </li>
      <li
        key="v238"
      >
        SRT | 
        French
         | 
        6.27  KB
      </li>
    </ul>
  </div>
</VideoDetailsPopup>
`;
