// Jest Snapshot v1, https://goo.gl/fbAQLP

exports[`<VideoEdit /> renders without crashing 1`] = `
<Apollo(Apollo(Apollo(_withFileUpload)))
  data={
    Object {
      "projectData": Object {
        "author": "",
        "categories": Array [],
        "descInternal": "",
        "descPublic": "",
        "projectTitle": "",
        "protectImages": false,
        "tags": Array [],
        "team": "",
        "termsConditions": false,
        "visibility": "Anyone can see this project",
      },
      "projectId": "cjsyv49bs026u0756io3wvqe4",
      "projectType": "video",
      "saveStatus": Object {
        "error": false,
        "success": false,
      },
      "supportFiles": Object {
        "other": Array [
          Object {
            "file": "madeinamerica_arabic.jpg",
            "id": "5682",
            "lang": "Arabic",
            "size": Object {
              "filesize": 58368,
            },
            "uploadStatus": Object {
              "error": false,
              "success": false,
            },
          },
          Object {
            "file": "madeinamerica_chinese.jpg",
            "id": "5683",
            "lang": "Chinese (Simplified)",
            "size": Object {
              "filesize": 58368,
            },
            "uploadStatus": Object {
              "error": false,
              "success": false,
            },
          },
          Object {
            "file": "madeinamerica_english.jpg",
            "id": "5684",
            "lang": "English",
            "size": Object {
              "filesize": 58368,
            },
            "uploadStatus": Object {
              "error": false,
              "success": false,
            },
          },
          Object {
            "file": "madeinamerica_french.jpg",
            "id": "5685",
            "lang": "French",
            "size": Object {
              "filesize": 58368,
            },
            "uploadStatus": Object {
              "error": false,
              "success": false,
            },
          },
          Object {
            "file": "madeinamerica_english.mp3",
            "id": "5686",
            "lang": "English",
            "size": Object {
              "filesize": 5242880,
            },
            "uploadStatus": Object {
              "error": false,
              "success": false,
            },
          },
        ],
        "srt": Array [
          Object {
            "file": "madeinamerica_arabic.srt",
            "id": "5678",
            "lang": "Arabic",
            "size": Object {
              "filesize": 24576,
            },
            "uploadStatus": Object {
              "error": false,
              "success": false,
            },
          },
          Object {
            "file": "madeinamerica_chinese_ljhlkjhl_kjhlkjh_aslkfja;lskjfweoij.srt",
            "id": "5679",
            "lang": "Chinese (Simplified)",
            "size": Object {
              "filesize": 24576,
            },
            "uploadStatus": Object {
              "error": false,
              "success": false,
            },
          },
          Object {
            "file": "madeinamerica_english.srt",
            "id": "5680",
            "lang": "English",
            "size": Object {
              "filesize": 24576,
            },
            "uploadStatus": Object {
              "error": false,
              "success": false,
            },
          },
          Object {
            "file": "madeinamerica_french.srt",
            "id": "5681",
            "lang": "French",
            "size": Object {
              "filesize": 24576,
            },
            "uploadStatus": Object {
              "error": false,
              "success": false,
            },
          },
        ],
      },
      "updated": "",
      "videos": Array [
        Object {
          "alt": "Man walking through factory (State Dept.)",
          "desc": "The value and meaning of the words “Made in America” come from a rich history of innovation and perseverance. Stay for a brief history of manufacturing in the USA and hear some of the positive impacts it has brought to the world and how its benefits are felt today.",
          "fileName": "madeinamerica_english_asdkjaf_al;kdflkeori_erpoiuzx,mnvz.mp4",
          "id": "3728",
          "language": Object {
            "display_name": "English",
            "language_code": "en",
            "locale": "en-us",
            "native_name": "English",
            "text_direction": "ltr",
          },
          "other": Array [
            Object {
              "fileName": "madeinamerica_english.mp3",
              "fileType": "mp3",
              "md5": "",
              "srcUrl": "https://other-download-url.com",
            },
          ],
          "source": Array [
            Object {
              "burnedInCaptions": "false",
              "downloadUrl": "https://video-download-url.com",
              "duration": "9:16",
              "fileName": "madeinamerica_english.mp4",
              "filetype": "",
              "md5": "",
              "size": Object {
                "bitrate": 9832917,
                "filesize": 662595174,
                "height": "1080",
                "width": "1920",
              },
              "stream": Object {
                "link": "",
                "site": "",
                "thumbnail": null,
                "uid": "",
                "url": "",
              },
              "streamUrl": Array [
                Object {
                  "site": "youtube",
                  "url": "https://youtu.be/1evw4fRu3bo",
                },
              ],
              "video_quality": "web",
            },
          ],
          "srt": Object {
            "md5": "",
            "srcUrl": "https://srt-download-url.com",
          },
          "thumbnail": "https://staticcdp.s3.amazonaws.com/2018/05/courses.america.gov_1481/b3b38d194ff80d06dd837f57a41fe16f.jpg",
          "title": "Made in America",
          "transcript": Object {
            "md5": "",
            "srcUrl": "",
          },
          "uploadStatus": Object {
            "error": false,
            "success": false,
          },
          "uploaded": "2018-04-13T15:45:00Z",
        },
        Object {
          "additionalKeywords": Array [
            "la valeur",
            "innovation",
            "ipsum",
          ],
          "alt": "",
          "desc": "La valeur et le sens de l’expression Fabriqué en Amérique, ont leur origine dans un passé riche d’innovation et de persévérance. Découvrez une partie de l’histoire de l’industrie manufacturière aux États-Unis et l’influence positive qu’elle a eue sur le monde, dans le passé et encore aujourd’hui.",
          "fileName": "madeinamerica_french.mp4",
          "id": "3729",
          "language": Object {
            "display_name": "French",
            "language_code": "fr",
            "locale": "fr-fr",
            "native_name": "Français",
            "text_direction": "ltr",
          },
          "other": Array [
            Object {
              "fileName": "",
              "fileType": "",
              "md5": "",
              "srcUrl": "",
            },
          ],
          "source": Array [
            Object {
              "burnedInCaptions": "false",
              "downloadUrl": "https://video-download-url.com",
              "duration": "9:16",
              "fileName": "madeinamerica_french.mp4",
              "filetype": "",
              "md5": "",
              "size": Object {
                "bitrate": 9832917,
                "filesize": 662595174,
                "height": "1080",
                "width": "1920",
              },
              "stream": Object {
                "link": "",
                "site": "",
                "thumbnail": null,
                "uid": "",
                "url": "",
              },
              "streamUrl": Array [
                Object {
                  "site": "youtube",
                  "url": "https://youtu.be/1evw4fRu3bo",
                },
              ],
              "video_quality": "web",
            },
          ],
          "srt": Object {
            "md5": "",
            "srcUrl": "https://srt-download-url.com",
          },
          "thumbnail": "https://staticcdp.s3.amazonaws.com/2018/05/courses.america.gov_1481/b3b38d194ff80d06dd837f57a41fe16f.jpg",
          "title": "Fabriqué en Amérique",
          "transcript": Object {},
          "uploadStatus": Object {
            "error": false,
            "success": false,
          },
          "uploaded": "2018-04-13T15:45:00Z",
        },
        Object {
          "additionalKeywords": Array [
            "ساختہ",
          ],
          "alt": "",
          "desc": "امریکی ساختہ کی قدر اور مفہوم نے جدت طرازی اور استقامت کی شاندار تاریخ سے جنم لیا ہے۔ امریکہ میں مصنوعات سازی کی مختصر تاریخ سے آگہی حاصل کریں اور دنیا پر مرتب ہونے والے اس کے مثبت اثرات میں سے چند ایک کا احوال سنیں اور دیکھیں کہ آج اس کے فوائد کس طرح محسوس کیے جا رہے ہیں۔",
          "fileName": "madeinamerica_arabic.mp4",
          "id": "3730",
          "language": Object {
            "display_name": "Arabic",
            "language_code": "ar",
            "locale": "ar",
            "native_name": "العربية",
            "text_direction": "rtl",
          },
          "other": Array [
            Object {
              "fileName": "",
              "fileType": "",
              "md5": "",
              "srcUrl": "",
            },
          ],
          "source": Array [
            Object {
              "burnedInCaptions": "false",
              "downloadUrl": "https://video-download-url.com",
              "duration": "9:16",
              "fileName": "madeinamerica_arabic.mp4",
              "filetype": "",
              "md5": "",
              "size": Object {
                "bitrate": 9832917,
                "filesize": 662595174,
                "height": "1080",
                "width": "1920",
              },
              "stream": Object {
                "link": "",
                "site": "",
                "thumbnail": null,
                "uid": "",
                "url": "",
              },
              "streamUrl": Array [
                Object {
                  "site": "youtube",
                  "url": "https://youtu.be/1evw4fRu3bo",
                },
              ],
              "video_quality": "web",
            },
          ],
          "srt": Object {
            "md5": "",
            "srcUrl": "https://srt-download-url.com",
          },
          "thumbnail": "https://staticcdp.s3.amazonaws.com/2018/05/courses.america.gov_1481/b3b38d194ff80d06dd837f57a41fe16f.jpg",
          "title": "عنوان: امریکی ساختہ",
          "transcript": Object {},
          "uploadStatus": Object {
            "error": false,
            "success": false,
          },
          "uploaded": "2018-04-13T15:45:00Z",
        },
      ],
    }
  }
  deleteVideoProject={[Function]}
  id="234"
  router={
    Object {
      "back": [Function],
      "beforePopState": [Function],
      "prefetch": [Function],
      "push": [Function],
      "ready": [Function],
      "readyCallbacks": Array [
        [Function],
        [Function],
        [Function],
        [Function],
        [Function],
        [Function],
      ],
      "reload": [Function],
      "replace": [Function],
      "router": null,
    }
  }
  setIsUploading={[Function]}
  updateVideoProject={[Function]}
  upload={Object {}}
  uploadExecute={[Function]}
  uploadProgress={[Function]}
  uploadReset={[Function]}
/>
`;
