// Jest Snapshot v1, https://goo.gl/fbAQLP

exports[`<VideoSupportFiles /> renders initial loading state without crashing 1`] = `
<VideoSupportFiles
  data={
    Object {
      "error": undefined,
      "fetchMore": [Function],
      "loading": true,
      "networkStatus": 1,
      "refetch": [Function],
      "startPolling": [Function],
      "stopPolling": [Function],
      "subscribeToMore": [Function],
      "updateQuery": [Function],
      "variables": Object {
        "id": "123",
      },
    }
  }
  id="123"
>
  <div
    style={
      Object {
        "alignItems": "center",
        "display": "flex",
        "flexDirection": "column",
        "justifyContent": "center",
        "minHeight": "200px",
      }
    }
  >
    <Loader
      active={true}
      content="Loading support file(s)..."
      inline="centered"
      style={
        Object {
          "marginBottom": "1em",
        }
      }
    >
      <div
        className="ui active text centered inline loader"
        style={
          Object {
            "marginBottom": "1em",
          }
        }
      >
        Loading support file(s)...
      </div>
    </Loader>
  </div>
</VideoSupportFiles>
`;

exports[`<VideoSupportFiles /> renders the final state 1`] = `
<VideoSupportFiles
  data={
    Object {
      "error": undefined,
      "fetchMore": [Function],
      "loading": false,
      "networkStatus": 7,
      "project": Object {
        "additionalFiles": Array [
          Object {
            "filename": "pdf-1.pdf",
            "filetype": "application/pdf",
            "id": "82kw",
            "language": Object {
              "displayName": "English",
              "id": "en22",
            },
          },
          Object {
            "filename": "pdf-2.pdf",
            "filetype": "application/pdf",
            "id": "28zi",
            "language": Object {
              "displayName": "French",
              "id": "fr87",
            },
          },
        ],
        "id": "123",
        "srts": Array [
          Object {
            "filename": "srt-1.srt",
            "id": "34is",
            "language": Object {
              "displayName": "English",
              "id": "en22",
            },
          },
          Object {
            "filename": "srt-2.srt",
            "id": "48sa",
            "language": Object {
              "displayName": "French",
              "id": "fr87",
            },
          },
        ],
        "thumbnails": Array [
          Object {
            "filename": "thumbnail-1.jpg",
            "filetype": "image/jpeg",
            "id": "t372",
            "language": Object {
              "displayName": "English",
              "id": "en22",
            },
          },
          Object {
            "filename": "thumbnail-2.jpg",
            "filetype": "image/jpeg",
            "id": "t482",
            "language": Object {
              "displayName": "French",
              "id": "fr87",
            },
          },
        ],
      },
      "refetch": [Function],
      "startPolling": [Function],
      "stopPolling": [Function],
      "subscribeToMore": [Function],
      "updateQuery": [Function],
      "variables": Object {
        "id": "123",
      },
    }
  }
  id="123"
>
  <section
    className="section section--project_support-files project_support-files"
  >
    <h3
      className="uppercase"
    >
      Support Files
    </h3>
    <section
      className="files section"
    >
      <h4
        id="srt-files"
      >
        SRT files
      </h4>
      <ul
        aria-describedby="srt-files"
      >
        <VideoSupportFilesItem
          file={
            Object {
              "filename": "srt-1.srt",
              "id": "34is",
              "language": Object {
                "displayName": "English",
                "id": "en22",
              },
            }
          }
          key="34is"
        >
          <li>
            <b
              className="label"
            >
              English
              :
            </b>
             
            srt-1.srt
          </li>
        </VideoSupportFilesItem>
        <VideoSupportFilesItem
          file={
            Object {
              "filename": "srt-2.srt",
              "id": "48sa",
              "language": Object {
                "displayName": "French",
                "id": "fr87",
              },
            }
          }
          key="48sa"
        >
          <li>
            <b
              className="label"
            >
              French
              :
            </b>
             
            srt-2.srt
          </li>
        </VideoSupportFilesItem>
      </ul>
    </section>
    <section
      className="addtl_files section"
    >
      <h4
        id="additional-files"
      >
        Additional files
      </h4>
      <ul
        aria-describedby="additional-files"
      >
        <VideoSupportFilesItem
          file={
            Object {
              "filename": "pdf-1.pdf",
              "filetype": "application/pdf",
              "id": "82kw",
              "language": Object {
                "displayName": "English",
                "id": "en22",
              },
            }
          }
          key="82kw"
        >
          <li>
            <b
              className="label"
            >
              English
              :
            </b>
             
            pdf-1.pdf
          </li>
        </VideoSupportFilesItem>
        <VideoSupportFilesItem
          file={
            Object {
              "filename": "pdf-2.pdf",
              "filetype": "application/pdf",
              "id": "28zi",
              "language": Object {
                "displayName": "French",
                "id": "fr87",
              },
            }
          }
          key="28zi"
        >
          <li>
            <b
              className="label"
            >
              French
              :
            </b>
             
            pdf-2.pdf
          </li>
        </VideoSupportFilesItem>
        <VideoSupportFilesItem
          file={
            Object {
              "filename": "thumbnail-1.jpg",
              "filetype": "image/jpeg",
              "id": "t372",
              "language": Object {
                "displayName": "English",
                "id": "en22",
              },
            }
          }
          key="t372"
        >
          <li>
            <b
              className="label"
            >
              English
              :
            </b>
             
            thumbnail-1.jpg
          </li>
        </VideoSupportFilesItem>
        <VideoSupportFilesItem
          file={
            Object {
              "filename": "thumbnail-2.jpg",
              "filetype": "image/jpeg",
              "id": "t482",
              "language": Object {
                "displayName": "French",
                "id": "fr87",
              },
            }
          }
          key="t482"
        >
          <li>
            <b
              className="label"
            >
              French
              :
            </b>
             
            thumbnail-2.jpg
          </li>
        </VideoSupportFilesItem>
      </ul>
    </section>
  </section>
</VideoSupportFiles>
`;
