// Jest Snapshot v1, https://goo.gl/fbAQLP

exports[`<ProjectSupportFiles /> renders without crashing 1`] = `
<div
  className="support-files"
>
  <Grid
    stackable={true}
  >
    <GridRow>
      <GridColumn
        width={16}
      >
        <h3
          className="heading uppercase"
        >
          Support Files
        </h3>
      </GridColumn>
    </GridRow>
    <GridRow
      columns={2}
      divided={true}
    >
      <GridColumn>
        <SupportFileTypeList
          data={
            Array [
              Object {
                "id": "qwqw",
              },
              Object {
                "id": "erer",
              },
              Object {
                "id": "asas",
              },
              Object {
                "id": "dfdf",
              },
            ]
          }
          fileType="srt"
          hasSubmittedData={false}
          hasUploaded={true}
          headline="SRT Files"
          popupMsg="Some info about what SRT files are."
          projectId="123"
        />
      </GridColumn>
      <GridColumn>
        <SupportFileTypeList
          data={
            Array [
              Object {
                "id": "tyty",
              },
              Object {
                "id": "ghgh",
              },
              Object {
                "id": "vbvb",
              },
            ]
          }
          fileType="other"
          hasSubmittedData={false}
          hasUploaded={true}
          headline="Additional Files"
          popupMsg="Additional files that can be used with this video, e.g., audio file, pdf."
          projectId="123"
        />
        <Checkbox
          checked={true}
          id="protect-images"
          label={
            <label
              htmlFor="protect-images"
            >
              Disable right-click to protect your images
            </label>
          }
          name="protectImages"
          onChange={[MockFunction]}
          type="checkbox"
        />
        <IconPopup
          iconSize="small"
          iconType="info circle"
          message="Checking this prevents people from downloading and using your images. Useful if your images are licensed."
          popupSize="mini"
        />
      </GridColumn>
    </GridRow>
  </Grid>
</div>
`;
