// Jest Snapshot v1, https://goo.gl/fbAQLP

exports[`<ProjectSupportFiles /> renders without crashing 1`] = `
<div
  className="support-files"
>
  <Grid
    stackable={true}
  >
    <GridRow>
      <GridColumn
        width={16}
      >
        <h2
          className="heading uppercase"
        >
          Support Files
        </h2>
      </GridColumn>
    </GridRow>
    <GridRow
      columns={2}
      divided={true}
    >
      <GridColumn>
        <SupportFileTypeList
          config={
            Object {
              "types": Object {
                "other": Object {
                  "editTitle": "Edit thumbnail files in this project",
                  "extensions": Array [
                    ".png",
                    ".jpeg",
                    ".jpg",
                  ],
                  "headline": "Additional Files",
                  "iconMsg": "Checking this prevents people from downloading and using your images. Useful if your images are licensed.",
                  "iconSize": "small",
                  "iconType": "info circle",
                  "popupMsg": "Additional files that can be used with this video, e.g., audio file, pdf.",
                },
                "srt": Object {
                  "editTitle": "Edit srt files in this project",
                  "extensions": Array [
                    ".srt",
                  ],
                  "headline": "SRT Files",
                  "popupMsg": "Some info about what SRT files are.",
                },
              },
            }
          }
          projectId="123"
          save={[MockFunction]}
          type="srt"
        />
      </GridColumn>
      <GridColumn>
        <SupportFileTypeList
          config={
            Object {
              "types": Object {
                "other": Object {
                  "editTitle": "Edit thumbnail files in this project",
                  "extensions": Array [
                    ".png",
                    ".jpeg",
                    ".jpg",
                  ],
                  "headline": "Additional Files",
                  "iconMsg": "Checking this prevents people from downloading and using your images. Useful if your images are licensed.",
                  "iconSize": "small",
                  "iconType": "info circle",
                  "popupMsg": "Additional files that can be used with this video, e.g., audio file, pdf.",
                },
                "srt": Object {
                  "editTitle": "Edit srt files in this project",
                  "extensions": Array [
                    ".srt",
                  ],
                  "headline": "SRT Files",
                  "popupMsg": "Some info about what SRT files are.",
                },
              },
            }
          }
          projectId="123"
          save={[MockFunction]}
          type="other"
        />
      </GridColumn>
    </GridRow>
  </Grid>
</div>
`;
