// Jest Snapshot v1, https://goo.gl/fbAQLP

exports[`<VideoProjectFiles /> renders the final state 1`] = `
<VideoProjectFiles
  data={
    Object {
      "called": true,
      "error": undefined,
      "fetchMore": [Function],
      "loading": false,
      "networkStatus": 7,
      "refetch": [Function],
      "startPolling": [Function],
      "stopPolling": [Function],
      "subscribeToMore": [Function],
      "updateQuery": [Function],
      "variables": Object {
        "id": "123",
      },
    }
  }
  id="123"
/>
`;
