// Jest Snapshot v1, https://goo.gl/fbAQLP

exports[`<VideoProjectFiles /> renders the final state 1`] = `
<VideoProjectFiles
  data={
    Object {
      "error": undefined,
      "fetchMore": [Function],
      "loading": false,
      "networkStatus": 7,
      "project": Object {
        "__typename": "VideoProject",
        "descPublic": "the project public description",
        "id": "123",
        "projectType": "LANGUAGE",
        "team": Object {
          "__typename": "Team",
          "id": "t81",
          "name": "the team name",
        },
        "thumbnails": Array [
          Object {
            "__typename": "ImageFile",
            "alt": "the alt text",
            "createdAt": "2019-03-06T13:11:48.043Z",
            "filename": "image-1.jpg",
            "filesize": 28371,
            "filetype": "image/jpeg",
            "id": "th11",
            "language": Object {
              "__typename": "Language",
              "displayName": "English",
              "id": "en38",
              "languageCode": "en",
              "locale": "en-us",
              "nativeName": "English",
              "textDirection": "LTR",
            },
            "updatedAt": "2019-06-18T13:58:10.024Z",
            "url": "2019/06/123/image-1.jpg",
            "use": Object {
              "__typename": "ImageUse",
              "id": "imu33",
              "name": "Thumbnail/Cover Image",
            },
          },
        ],
        "units": Array [
          Object {
            "__typename": "VideoUnit",
            "descPublic": "the arabic description",
            "files": Array [
              Object {
                "__typename": "VideoFile",
                "createdAt": "2019-03-05T20:18:54.032Z",
                "dimensions": Object {
                  "__typename": "Dimensions",
                  "height": "1080",
                  "id": "d21",
                  "width": "1920",
                },
                "duration": 556,
                "filename": "video-file-1.mp4",
                "filesize": 662595174,
                "filetype": "video/mp4",
                "id": "f19",
                "language": Object {
                  "__typename": "Language",
                  "displayName": "Arabic",
                  "id": "ar22",
                  "languageCode": "ar",
                  "locale": "ar",
                  "nativeName": "العربية",
                  "textDirection": "RTL",
                },
                "quality": "WEB",
                "stream": Array [
                  Object {
                    "__typename": "VideoStream",
                    "id": "st93",
                    "site": "YouTube",
                    "url": "https://www.youtube.com/watch?v=1evw4fRu3bo",
                  },
                  Object {
                    "__typename": "VideoStream",
                    "id": "st35",
                    "site": "Vimeo",
                    "url": "https://vimeo.com/340239507",
                  },
                ],
                "updatedAt": "2019-06-19T17:38:37.502Z",
                "url": "2019/06/123/video-file-1.mp4",
                "use": Object {
                  "__typename": "VideoUse",
                  "id": "us31",
                  "name": "Full Video",
                },
                "videoBurnedInStatus": "CLEAN",
              },
            ],
            "id": "un91",
            "language": Object {
              "__typename": "Language",
              "displayName": "Arabic",
              "id": "ar22",
              "languageCode": "ar",
              "locale": "ar",
              "nativeName": "العربية",
              "textDirection": "RTL",
            },
            "tags": Array [
              Object {
                "__typename": "Tag",
                "id": "tag13",
                "translations": Array [
                  Object {
                    "__typename": "LanguageTranslation",
                    "id": "tr555",
                    "language": Object {
                      "__typename": "Language",
                      "displayName": "Arabic",
                      "id": "ar22",
                      "languageCode": "ar",
                      "locale": "ar",
                      "nativeName": "العربية",
                      "textDirection": "RTL",
                    },
                    "name": "الثقافة الأميركية",
                  },
                ],
              },
            ],
            "thumbnails": Array [
              Object {
                "__typename": "Thumbnail",
                "id": "th11",
                "image": Object {
                  "__typename": "ImageFile",
                  "alt": "the alt text",
                  "createdAt": "2019-03-06T13:11:48.043Z",
                  "filename": "image-1.jpg",
                  "filesize": 28371,
                  "filetype": "image/jpeg",
                  "id": "im28",
                  "language": Object {
                    "__typename": "Language",
                    "displayName": "Arabic",
                    "id": "ar22",
                    "languageCode": "ar",
                    "locale": "ar",
                    "nativeName": "العربية",
                    "textDirection": "RTL",
                  },
                  "updatedAt": "2019-06-18T14:58:10.024Z",
                  "url": "2019/06/123/image-1.jpg",
                  "use": Object {
                    "__typename": "ImageUse",
                    "id": "imu33",
                    "name": "Thumbnail/Cover Image",
                  },
                },
                "size": "FULL",
              },
            ],
            "title": "test project title",
            "updatedAt": "2019-06-18T14:58:10.024Z",
          },
          Object {
            "__typename": "VideoUnit",
            "descPublic": "the english description",
            "files": Array [
              Object {
                "__typename": "VideoFile",
                "createdAt": "2019-03-05T20:18:54.032Z",
                "dimensions": Object {
                  "__typename": "Dimensions",
                  "height": "1080",
                  "id": "d21",
                  "width": "1920",
                },
                "duration": 556,
                "filename": "video-file-1.mp4",
                "filesize": 662595174,
                "filetype": "video/mp4",
                "id": "f19",
                "language": Object {
                  "__typename": "Language",
                  "displayName": "Arabic",
                  "id": "ar22",
                  "languageCode": "ar",
                  "locale": "ar",
                  "nativeName": "العربية",
                  "textDirection": "RTL",
                },
                "quality": "WEB",
                "stream": Array [
                  Object {
                    "__typename": "VideoStream",
                    "id": "st93",
                    "site": "YouTube",
                    "url": "https://www.youtube.com/watch?v=1evw4fRu3bo",
                  },
                  Object {
                    "__typename": "VideoStream",
                    "id": "st35",
                    "site": "Vimeo",
                    "url": "https://vimeo.com/340239507",
                  },
                ],
                "updatedAt": "2019-06-19T17:38:37.502Z",
                "url": "2019/06/123/video-file-1.mp4",
                "use": Object {
                  "__typename": "VideoUse",
                  "id": "us31",
                  "name": "Full Video",
                },
                "videoBurnedInStatus": "CLEAN",
              },
            ],
            "id": "un95",
            "language": Object {
              "__typename": "Language",
              "displayName": "English",
              "id": "en38",
              "languageCode": "en",
              "locale": "en-us",
              "nativeName": "English",
              "textDirection": "LTR",
            },
            "tags": Array [
              Object {
                "__typename": "Tag",
                "id": "tag13",
                "translations": Array [
                  Object {
                    "__typename": "LanguageTranslation",
                    "id": "tr555",
                    "language": Object {
                      "__typename": "Language",
                      "displayName": "Arabic",
                      "id": "ar22",
                      "languageCode": "ar",
                      "locale": "ar",
                      "nativeName": "العربية",
                      "textDirection": "RTL",
                    },
                    "name": "الثقافة الأميركية",
                  },
                ],
              },
              Object {
                "__typename": "Tag",
                "id": "tag14",
                "translations": Array [
                  Object {
                    "__typename": "LanguageTranslation",
                    "id": "tr888",
                    "language": Object {
                      "__typename": "Language",
                      "displayName": "English",
                      "id": "en38",
                      "languageCode": "en",
                      "locale": "en-us",
                      "nativeName": "English",
                      "textDirection": "LTR",
                    },
                    "name": "english learning",
                  },
                  Object {
                    "__typename": "LanguageTranslation",
                    "id": "tr777",
                    "language": Object {
                      "__typename": "Language",
                      "displayName": "French",
                      "id": "fr82",
                      "languageCode": "fr",
                      "locale": "fr-fr",
                      "nativeName": "French",
                      "textDirection": "LTR",
                    },
                    "name": "Anglais langue étrangère",
                  },
                ],
              },
            ],
            "thumbnails": Array [
              Object {
                "__typename": "Thumbnail",
                "id": "th11",
                "image": Object {
                  "__typename": "ImageFile",
                  "alt": "the alt text",
                  "createdAt": "2019-03-06T13:11:48.043Z",
                  "filename": "image-1.jpg",
                  "filesize": 28371,
                  "filetype": "image/jpeg",
                  "id": "im28",
                  "language": Object {
                    "__typename": "Language",
                    "displayName": "Arabic",
                    "id": "ar22",
                    "languageCode": "ar",
                    "locale": "ar",
                    "nativeName": "العربية",
                    "textDirection": "RTL",
                  },
                  "updatedAt": "2019-06-18T14:58:10.024Z",
                  "url": "2019/06/123/image-1.jpg",
                  "use": Object {
                    "__typename": "ImageUse",
                    "id": "imu33",
                    "name": "Thumbnail/Cover Image",
                  },
                },
                "size": "FULL",
              },
            ],
            "title": "test project title",
            "updatedAt": "2019-06-18T12:58:10.024Z",
          },
        ],
      },
      "refetch": [Function],
      "startPolling": [Function],
      "stopPolling": [Function],
      "subscribeToMore": [Function],
      "updateQuery": [Function],
      "variables": Object {
        "id": "123",
      },
    }
  }
  id="123"
>
  <section
    className="section section--project_units project_units layout"
  >
    <h3
      className="project_units_headline uppercase"
    >
      Videos in Project
    </h3>
    <div
      className="project_unit"
      key="un91"
    >
      <Grid>
        <div
          className="ui grid"
        >
          <GridRow
            className="project_unit_header RTL"
          >
            <div
              className="row project_unit_header RTL"
            >
              <GridColumn
                floated="left"
                mobile={8}
              >
                <div
                  className="left floated eight wide mobile column"
                >
                  <h4
                    className="title"
                  >
                    test project title
                  </h4>
                </div>
              </GridColumn>
              <GridColumn
                className="project_unit_edit"
                floated="right"
                mobile={8}
              >
                <div
                  className="right floated eight wide mobile column project_unit_edit"
                >
                  <Button
                    as="button"
                    className="project_button project_button--edit"
                    content="Edit"
                    onClick={[Function]}
                  >
                    <button
                      className="ui button project_button project_button--edit"
                      onClick={[Function]}
                    >
                      Edit
                    </button>
                  </Button>
                </div>
              </GridColumn>
            </div>
          </GridRow>
          <GridRow
            className="project_unit_meta language"
          >
            <div
              className="row project_unit_meta language"
            >
              <GridColumn
                width={16}
              >
                <div
                  className="sixteen wide column"
                >
                  <p>
                    <b
                      className="label"
                    >
                      Language:
                    </b>
                     
                    Arabic
                  </p>
                </div>
              </GridColumn>
            </div>
          </GridRow>
          <GridRow
            className="project_unit_meta description"
          >
            <div
              className="row project_unit_meta description"
            >
              <GridColumn
                computer={8}
              >
                <div
                  className="eight wide computer column"
                >
                  <p
                    className="public_description"
                  >
                    <b
                      className="label"
                    >
                      Public Description:
                    </b>
                    <span
                      className="content RTL"
                      style={
                        Object {
                          "display": "block",
                        }
                      }
                    >
                       
                      the arabic description
                    </span>
                  </p>
                </div>
              </GridColumn>
            </div>
          </GridRow>
          <GridRow
            className="project_unit_meta tags"
          >
            <div
              className="row project_unit_meta tags"
            >
              <GridColumn
                computer={8}
                mobile={16}
                tablet={8}
              >
                <div
                  className="eight wide computer sixteen wide mobile eight wide tablet column"
                >
                  <p>
                    <b
                      className="label"
                    >
                      Additional Keywords:
                    </b>
                     الثقافة الأميركية
                  </p>
                </div>
              </GridColumn>
            </div>
          </GridRow>
          <GridRow
            className="project_unit_meta file-count"
          >
            <div
              className="row project_unit_meta file-count"
            >
              <GridColumn
                width={16}
              >
                <div
                  className="sixteen wide column"
                >
                  <p>
                    <b
                      className="label"
                    >
                      Files:
                    </b>
                     
                    1
                     
                  </p>
                </div>
              </GridColumn>
            </div>
          </GridRow>
          <Component
            file={
              Object {
                "__typename": "VideoFile",
                "createdAt": "2019-03-05T20:18:54.032Z",
                "dimensions": Object {
                  "__typename": "Dimensions",
                  "height": "1080",
                  "id": "d21",
                  "width": "1920",
                },
                "duration": 556,
                "filename": "video-file-1.mp4",
                "filesize": 662595174,
                "filetype": "video/mp4",
                "id": "f19",
                "language": Object {
                  "__typename": "Language",
                  "displayName": "Arabic",
                  "id": "ar22",
                  "languageCode": "ar",
                  "locale": "ar",
                  "nativeName": "العربية",
                  "textDirection": "RTL",
                },
                "quality": "WEB",
                "stream": Array [
                  Object {
                    "__typename": "VideoStream",
                    "id": "st93",
                    "site": "YouTube",
                    "url": "https://www.youtube.com/watch?v=1evw4fRu3bo",
                  },
                  Object {
                    "__typename": "VideoStream",
                    "id": "st35",
                    "site": "Vimeo",
                    "url": "https://vimeo.com/340239507",
                  },
                ],
                "updatedAt": "2019-06-19T17:38:37.502Z",
                "url": "2019/06/123/video-file-1.mp4",
                "use": Object {
                  "__typename": "VideoUse",
                  "id": "us31",
                  "name": "Full Video",
                },
                "videoBurnedInStatus": "CLEAN",
              }
            }
            key="f19"
            thumbnail={
              Object {
                "__typename": "Thumbnail",
                "id": "th11",
                "image": Object {
                  "__typename": "ImageFile",
                  "alt": "the alt text",
                  "createdAt": "2019-03-06T13:11:48.043Z",
                  "filename": "image-1.jpg",
                  "filesize": 28371,
                  "filetype": "image/jpeg",
                  "id": "im28",
                  "language": Object {
                    "__typename": "Language",
                    "displayName": "Arabic",
                    "id": "ar22",
                    "languageCode": "ar",
                    "locale": "ar",
                    "nativeName": "العربية",
                    "textDirection": "RTL",
                  },
                  "updatedAt": "2019-06-18T14:58:10.024Z",
                  "url": "2019/06/123/image-1.jpg",
                  "use": Object {
                    "__typename": "ImageUse",
                    "id": "imu33",
                    "name": "Thumbnail/Cover Image",
                  },
                },
                "size": "FULL",
              }
            }
          >
            &lt;VideoProjectFile /&gt;
          </Component>
        </div>
      </Grid>
    </div>
    <div
      className="project_unit"
      key="un95"
    >
      <Grid>
        <div
          className="ui grid"
        >
          <GridRow
            className="project_unit_header LTR"
          >
            <div
              className="row project_unit_header LTR"
            >
              <GridColumn
                floated="left"
                mobile={8}
              >
                <div
                  className="left floated eight wide mobile column"
                >
                  <h4
                    className="title"
                  >
                    test project title
                  </h4>
                </div>
              </GridColumn>
              <GridColumn
                className="project_unit_edit"
                floated="right"
                mobile={8}
              >
                <div
                  className="right floated eight wide mobile column project_unit_edit"
                >
                  <Button
                    as="button"
                    className="project_button project_button--edit"
                    content="Edit"
                    onClick={[Function]}
                  >
                    <button
                      className="ui button project_button project_button--edit"
                      onClick={[Function]}
                    >
                      Edit
                    </button>
                  </Button>
                </div>
              </GridColumn>
            </div>
          </GridRow>
          <GridRow
            className="project_unit_meta language"
          >
            <div
              className="row project_unit_meta language"
            >
              <GridColumn
                width={16}
              >
                <div
                  className="sixteen wide column"
                >
                  <p>
                    <b
                      className="label"
                    >
                      Language:
                    </b>
                     
                    English
                  </p>
                </div>
              </GridColumn>
            </div>
          </GridRow>
          <GridRow
            className="project_unit_meta description"
          >
            <div
              className="row project_unit_meta description"
            >
              <GridColumn
                computer={8}
              >
                <div
                  className="eight wide computer column"
                >
                  <p
                    className="public_description"
                  >
                    <b
                      className="label"
                    >
                      Public Description:
                    </b>
                    <span
                      className="content LTR"
                      style={Object {}}
                    >
                       
                      the english description
                    </span>
                  </p>
                </div>
              </GridColumn>
            </div>
          </GridRow>
          <GridRow
            className="project_unit_meta tags"
          >
            <div
              className="row project_unit_meta tags"
            >
              <GridColumn
                computer={8}
                mobile={16}
                tablet={8}
              >
                <div
                  className="eight wide computer sixteen wide mobile eight wide tablet column"
                >
                  <p>
                    <b
                      className="label"
                    >
                      Additional Keywords:
                    </b>
                     undefined, english learning
                  </p>
                </div>
              </GridColumn>
            </div>
          </GridRow>
          <GridRow
            className="project_unit_meta file-count"
          >
            <div
              className="row project_unit_meta file-count"
            >
              <GridColumn
                width={16}
              >
                <div
                  className="sixteen wide column"
                >
                  <p>
                    <b
                      className="label"
                    >
                      Files:
                    </b>
                     
                    1
                     
                  </p>
                </div>
              </GridColumn>
            </div>
          </GridRow>
          <Component
            file={
              Object {
                "__typename": "VideoFile",
                "createdAt": "2019-03-05T20:18:54.032Z",
                "dimensions": Object {
                  "__typename": "Dimensions",
                  "height": "1080",
                  "id": "d21",
                  "width": "1920",
                },
                "duration": 556,
                "filename": "video-file-1.mp4",
                "filesize": 662595174,
                "filetype": "video/mp4",
                "id": "f19",
                "language": Object {
                  "__typename": "Language",
                  "displayName": "Arabic",
                  "id": "ar22",
                  "languageCode": "ar",
                  "locale": "ar",
                  "nativeName": "العربية",
                  "textDirection": "RTL",
                },
                "quality": "WEB",
                "stream": Array [
                  Object {
                    "__typename": "VideoStream",
                    "id": "st93",
                    "site": "YouTube",
                    "url": "https://www.youtube.com/watch?v=1evw4fRu3bo",
                  },
                  Object {
                    "__typename": "VideoStream",
                    "id": "st35",
                    "site": "Vimeo",
                    "url": "https://vimeo.com/340239507",
                  },
                ],
                "updatedAt": "2019-06-19T17:38:37.502Z",
                "url": "2019/06/123/video-file-1.mp4",
                "use": Object {
                  "__typename": "VideoUse",
                  "id": "us31",
                  "name": "Full Video",
                },
                "videoBurnedInStatus": "CLEAN",
              }
            }
            key="f19"
            thumbnail={
              Object {
                "__typename": "Thumbnail",
                "id": "th11",
                "image": Object {
                  "__typename": "ImageFile",
                  "alt": "the alt text",
                  "createdAt": "2019-03-06T13:11:48.043Z",
                  "filename": "image-1.jpg",
                  "filesize": 28371,
                  "filetype": "image/jpeg",
                  "id": "im28",
                  "language": Object {
                    "__typename": "Language",
                    "displayName": "Arabic",
                    "id": "ar22",
                    "languageCode": "ar",
                    "locale": "ar",
                    "nativeName": "العربية",
                    "textDirection": "RTL",
                  },
                  "updatedAt": "2019-06-18T14:58:10.024Z",
                  "url": "2019/06/123/image-1.jpg",
                  "use": Object {
                    "__typename": "ImageUse",
                    "id": "imu33",
                    "name": "Thumbnail/Cover Image",
                  },
                },
                "size": "FULL",
              }
            }
          >
            &lt;VideoProjectFile /&gt;
          </Component>
        </div>
      </Grid>
    </div>
  </section>
</VideoProjectFiles>
`;
