// Jest Snapshot v1, https://goo.gl/fbAQLP

exports[`<DownloadCaption /> renders final state without crashing 1`] = `
<DownloadCaption
  data={
    Object {
      "called": true,
      "error": undefined,
      "fetchMore": [Function],
      "loading": false,
      "networkStatus": 7,
      "project": Object {
        "files": Array [
          Object {
            "id": "srt89",
            "language": Object {
              "displayName": "English",
              "id": "en23",
            },
            "url": "2019/06/123/srt-1.srt",
          },
          Object {
            "id": "srt99",
            "language": Object {
              "displayName": "English",
              "id": "en23",
            },
            "url": "2019/06/123/srt-2.srt",
          },
        ],
        "id": "123",
      },
      "refetch": [Function],
      "startPolling": [Function],
      "stopPolling": [Function],
      "subscribeToMore": [Function],
      "updateQuery": [Function],
      "variables": Object {
        "id": "123",
      },
    }
  }
  id="123"
  instructions="Download SRT(s)"
  isPreview={false}
>
  <DownloadItemContent
    hoverText="Download English SRT"
    isAdminPreview={false}
    key="fs_srt89"
    srcUrl="https://s3-url.com/2019/06/123/srt-1.srt"
  >
    <a
      className="download-item"
      download={true}
      href="https://example.jpg"
      key="https://example.jpg"
      rel="noopener noreferrer"
    >
      <div
        className="item-icon"
      >
        <img
          alt="Download English SRT"
          src="downloadIconSVG"
        />
      </div>
      <div
        className="item-content"
      >
        <p
          className="item-content__title"
        >
          <strong>
            Download English SRT
          </strong>
        </p>
      </div>
      <span
        className="item-hover"
      >
        Download English SRT
      </span>
    </a>
  </DownloadItemContent>
  <DownloadItemContent
    hoverText="Download English SRT"
    isAdminPreview={false}
    key="fs_srt99"
    srcUrl="https://s3-url.com/2019/06/123/srt-2.srt"
  >
    <a
      className="download-item"
      download={true}
      href="https://example.jpg"
      key="https://example.jpg"
      rel="noopener noreferrer"
    >
      <div
        className="item-icon"
      >
        <img
          alt="Download English SRT"
          src="downloadIconSVG"
        />
      </div>
      <div
        className="item-content"
      >
        <p
          className="item-content__title"
        >
          <strong>
            Download English SRT
          </strong>
        </p>
      </div>
      <span
        className="item-hover"
      >
        Download English SRT
      </span>
    </a>
  </DownloadItemContent>
</DownloadCaption>
`;

exports[`<DownloadCaption /> renders initial loading state without crashing 1`] = `
<DownloadCaption
  data={
    Object {
      "called": true,
      "error": undefined,
      "fetchMore": [Function],
      "loading": true,
      "networkStatus": 1,
      "refetch": [Function],
      "startPolling": [Function],
      "stopPolling": [Function],
      "subscribeToMore": [Function],
      "updateQuery": [Function],
      "variables": Object {
        "id": "123",
      },
    }
  }
  id="123"
  instructions="Download SRT(s)"
  isPreview={false}
>
  <div
    style={
      Object {
        "alignItems": "center",
        "display": "flex",
        "flexDirection": "column",
        "justifyContent": "center",
        "minHeight": "200px",
      }
    }
  >
    <Loader
      active={true}
      content="Loading Caption file(s)..."
      inline="centered"
      style={
        Object {
          "marginBottom": "1em",
        }
      }
    >
      <div
        className="ui active text centered inline loader"
        style={
          Object {
            "marginBottom": "1em",
          }
        }
      >
        Loading Caption file(s)...
      </div>
    </Loader>
  </div>
</DownloadCaption>
`;
