// Jest Snapshot v1, https://goo.gl/fbAQLP

exports[`<DropdownSupportFileUse /> renders the dropdown with correct uses 1`] = `
<DropdownSupportFileUse
  data={
    Object {
      "error": undefined,
      "fetchMore": [Function],
      "loading": false,
      "networkStatus": 7,
      "refetch": [Function],
      "startPolling": [Function],
      "stopPolling": [Function],
      "subscribeToMore": [Function],
      "updateQuery": [Function],
      "uses": Array [
        Object {
          "text": "Thumbnail/Cover Image",
          "value": "th89",
        },
        Object {
          "text": "Email Graphic",
          "value": "em92",
        },
      ],
      "variables": Object {
        "orderBy": "name_ASC",
      },
    }
  }
  fluid={true}
  id="m123"
  name="fileUse"
  onChange={[MockFunction]}
  required={true}
  value="th89"
>
  <Dropdown
    additionLabel="Add "
    additionPosition="top"
    closeOnBlur={true}
    deburr={false}
    fluid={true}
    icon="dropdown"
    id="m123"
    minCharacters={1}
    name="fileUse"
    noResultsMessage="No results found."
    onChange={[MockFunction]}
    openOnFocus={true}
    options={
      Array [
        Object {
          "text": "Thumbnail/Cover Image",
          "value": "th89",
        },
        Object {
          "text": "Email Graphic",
          "value": "em92",
        },
      ]
    }
    renderLabel={[Function]}
    required={true}
    searchInput="text"
    selectOnBlur={true}
    selectOnNavigation={true}
    selection={true}
    value="th89"
    wrapSelection={true}
  >
    <div
      aria-expanded={false}
      className="ui fluid selection dropdown"
      id="m123"
      name="fileUse"
      onBlur={[Function]}
      onChange={[Function]}
      onClick={[Function]}
      onFocus={[Function]}
      onMouseDown={[Function]}
      required={true}
      role="listbox"
      tabIndex={0}
    >
      <div
        aria-live="polite"
        className="text"
        role="alert"
      >
        Thumbnail/Cover Image
      </div>
      <Icon
        as="i"
        className=""
        name="dropdown"
        onClick={[Function]}
      >
        <i
          aria-hidden="true"
          className="dropdown icon"
          onClick={[Function]}
        />
      </Icon>
      <DropdownMenu>
        <div
          className="menu transition"
        >
          <DropdownItem
            active={true}
            key="th89"
            onClick={[Function]}
            selected={true}
            style={
              Object {
                "pointerEvents": "all",
              }
            }
            text="Thumbnail/Cover Image"
            value="th89"
          >
            <div
              aria-checked={true}
              aria-selected={true}
              className="active selected item"
              onClick={[Function]}
              role="option"
              style={
                Object {
                  "pointerEvents": "all",
                }
              }
            >
              <span
                className="text"
              >
                Thumbnail/Cover Image
              </span>
            </div>
          </DropdownItem>
          <DropdownItem
            active={false}
            key="em92"
            onClick={[Function]}
            selected={false}
            style={
              Object {
                "pointerEvents": "all",
              }
            }
            text="Email Graphic"
            value="em92"
          >
            <div
              aria-checked={false}
              aria-selected={false}
              className="item"
              onClick={[Function]}
              role="option"
              style={
                Object {
                  "pointerEvents": "all",
                }
              }
            >
              <span
                className="text"
              >
                Email Graphic
              </span>
            </div>
          </DropdownItem>
        </div>
      </DropdownMenu>
    </div>
  </Dropdown>
</DropdownSupportFileUse>
`;
