// Jest Snapshot v1, https://goo.gl/fbAQLP

exports[`<GraphicFilesForm /> renders the correct fieldsets 1`] = `
Array [
  <fieldset
    className="graphic-file-cka5di41430i10720v06c52ic"
    key="cka5di41430i10720v06c52ic"
    name="4_3_Serious_TW.jpg"
  >
    <VisuallyHidden
      el="legend"
    >
      <legend
        className="hide-visually"
      >
        edit fields for 4_3_Serious_TW.jpg
      </legend>
    </VisuallyHidden>
    <div
      className="image-wrapper available"
    >
      <img
        alt="4_3_Serious_TW.jpg"
        className="thumbnail"
        src="https://amgov-publisher-dev.s3.amazonaws.com/2020/04/commons.america.gov_ck9laaua62c2o0720577s3jto/4_3_Serious_TW.jpg?AWSAccessKeyId=someaccesskey&Expires=1589466970&Signature=thesignature"
      />
      <FileRemoveReplaceButtonGroup
        icon="trash"
        onRemove={[Function]}
      />
      <div
        className="meta-wrap"
      >
        <div
          className="meta"
        >
          <span
            className="filename"
          >
            <Filename
              filenameLength={30}
              numCharsAfterBreak={10}
              numCharsBeforeBreak={20}
            >
              <div
                className="filename"
              >
                <span>
                  4_3_Serious_TW.jpg
                </span>
              </div>
            </Filename>
          </span>
          <span
            className="filesize"
          >
            290.4  KB
          </span>
        </div>
      </div>
    </div>
    <div
      className="field"
    >
      <FormField
        className="LTR"
        control={[Function]}
        disabled={false}
        id="title-cka5di41430i10720v06c52ic"
        label="Graphic Title"
        name="cka5di41430i10720v06c52ic.title"
        onChange={[Function]}
        value="4_3_Serious_TW.jpg"
      >
        <div
          className="field LTR"
        >
          <label
            htmlFor="title-cka5di41430i10720v06c52ic"
          >
            Graphic Title
          </label>
          <Input
            disabled={false}
            id="title-cka5di41430i10720v06c52ic"
            name="cka5di41430i10720v06c52ic.title"
            onChange={[Function]}
            type="text"
            value="4_3_Serious_TW.jpg"
          >
            <div
              className="ui input"
            >
              <input
                disabled={false}
                id="title-cka5di41430i10720v06c52ic"
                name="cka5di41430i10720v06c52ic.title"
                onChange={[Function]}
                type="text"
                value="4_3_Serious_TW.jpg"
              />
            </div>
          </Input>
        </div>
      </FormField>
    </div>
    <div
      className="form-group two-col"
    >
      <div
        className="language-field"
      >
        <LanguageDropdown
          className="language"
          disabled={false}
          id="language-cka5di41430i10720v06c52ic"
          label="Language"
          name="cka5di41430i10720v06c52ic.language"
          onChange={[Function]}
          required={true}
          value="ck2lzfx710hkq07206thus6pt"
        />
        <p
          className="error-message"
        />
      </div>
      <div
        className="graphic-style-field"
      >
        <GraphicStyleDropdown
          className="graphic-style"
          disabled={false}
          id="graphic-style-cka5di41430i10720v06c52ic"
          label="Style"
          name="cka5di41430i10720v06c52ic.style"
          omit={
            Array [
              "Clean",
            ]
          }
          onChange={[Function]}
          required={true}
          value="ck9h3koe426aa0720y421wmk3"
        />
        <p
          className="error-message"
        />
      </div>
    </div>
    <div
      className="social-platform-field"
    >
      <SocialPlatformDropdown
        className="social-platform"
        closeOnBlur={true}
        closeOnChange={true}
        disabled={false}
        id="social-platform-cka5di41430i10720v06c52ic"
        label="Platform"
        multiple={true}
        name="cka5di41430i10720v06c52ic.social"
        onChange={[Function]}
        required={true}
        search={true}
        value={
          Array [
            "ck9h3m3g626bd07201gh712vk",
          ]
        }
      />
      <p
        className="error-message"
      />
    </div>
  </fieldset>,
  <fieldset
    className="graphic-file-cka5di48r30ig072003dqjffb"
    key="cka5di48r30ig072003dqjffb"
    name="4_3_Serious_FB.jpg"
  >
    <VisuallyHidden
      el="legend"
    >
      <legend
        className="hide-visually"
      >
        edit fields for 4_3_Serious_FB.jpg
      </legend>
    </VisuallyHidden>
    <div
      className="image-wrapper available"
    >
      <img
        alt="4_3_Serious_FB.jpg"
        className="thumbnail"
        src="https://amgov-publisher-dev.s3.amazonaws.com/2020/04/commons.america.gov_ck9laaua62c2o0720577s3jto/4_3_Serious_FB.jpg?AWSAccessKeyId=someaccesskey&Expires=1589466970&Signature=thesignature"
      />
      <FileRemoveReplaceButtonGroup
        icon="trash"
        onRemove={[Function]}
      />
      <div
        className="meta-wrap"
      >
        <div
          className="meta"
        >
          <span
            className="filename"
          >
            <Filename
              filenameLength={30}
              numCharsAfterBreak={10}
              numCharsBeforeBreak={20}
            >
              <div
                className="filename"
              >
                <span>
                  4_3_Serious_FB.jpg
                </span>
              </div>
            </Filename>
          </span>
          <span
            className="filesize"
          >
            423.7  KB
          </span>
        </div>
      </div>
    </div>
    <div
      className="field"
    >
      <FormField
        className="LTR"
        control={[Function]}
        disabled={false}
        id="title-cka5di48r30ig072003dqjffb"
        label="Graphic Title"
        name="cka5di48r30ig072003dqjffb.title"
        onChange={[Function]}
        value="4_3_Serious_FB.jpg"
      >
        <div
          className="field LTR"
        >
          <label
            htmlFor="title-cka5di48r30ig072003dqjffb"
          >
            Graphic Title
          </label>
          <Input
            disabled={false}
            id="title-cka5di48r30ig072003dqjffb"
            name="cka5di48r30ig072003dqjffb.title"
            onChange={[Function]}
            type="text"
            value="4_3_Serious_FB.jpg"
          >
            <div
              className="ui input"
            >
              <input
                disabled={false}
                id="title-cka5di48r30ig072003dqjffb"
                name="cka5di48r30ig072003dqjffb.title"
                onChange={[Function]}
                type="text"
                value="4_3_Serious_FB.jpg"
              />
            </div>
          </Input>
        </div>
      </FormField>
    </div>
    <div
      className="form-group two-col"
    >
      <div
        className="language-field"
      >
        <LanguageDropdown
          className="language"
          disabled={false}
          id="language-cka5di48r30ig072003dqjffb"
          label="Language"
          name="cka5di48r30ig072003dqjffb.language"
          onChange={[Function]}
          required={true}
          value="ck2lzfx710hkq07206thus6pt"
        />
        <p
          className="error-message"
        />
      </div>
      <div
        className="graphic-style-field"
      >
        <GraphicStyleDropdown
          className="graphic-style"
          disabled={false}
          id="graphic-style-cka5di48r30ig072003dqjffb"
          label="Style"
          name="cka5di48r30ig072003dqjffb.style"
          omit={
            Array [
              "Clean",
            ]
          }
          onChange={[Function]}
          required={true}
          value="ck9h3kyb326ak0720wkbk01q6"
        />
        <p
          className="error-message"
        />
      </div>
    </div>
    <div
      className="social-platform-field"
    >
      <SocialPlatformDropdown
        className="social-platform"
        closeOnBlur={true}
        closeOnChange={true}
        disabled={false}
        id="social-platform-cka5di48r30ig072003dqjffb"
        label="Platform"
        multiple={true}
        name="cka5di48r30ig072003dqjffb.social"
        onChange={[Function]}
        required={true}
        search={true}
        value={
          Array [
            "ck9h3m9bl26bm0720rm69c60s",
          ]
        }
      />
      <p
        className="error-message"
      />
    </div>
  </fieldset>,
]
`;
